// Jest Snapshot v1, https://goo.gl/fbAQLP

exports[`Nav renders correctly 1`] = `
<nav
  className="sitenav"
>
  <ul
    className="sitenav__list"
  >
    <li
      className="sitenav__item"
    >
      <a
        className="sitenav__link"
        href="/test"
      >
        test
      </a>
    </li>
  </ul>
</nav>
`;
